Running Gradle task 'assembleRelease'...                        
flutter : The message received from the daemon indicates that the daemon has 
disappeared.
At line:1 char:1
+ flutter build apk --release 2>&1 | Out-File -FilePath "D:\Footwear\bu ...
+ ~~~~~~~~~~~~~~~~~~~~~~~~~~~~~~~~
    + CategoryInfo          : NotSpecified: (The message rec...as disappeared. 
   :String) [], RemoteException
    + FullyQualifiedErrorId : NativeCommandError
 
Build request sent: Build{id=615afa84-16d2-4c33-9446-6d0d6cabe6b3, 
currentDir=D:\Footwear\app\android}
Attempting to read last messages from the daemon log...
Daemon pid: 8592
  log file: C:\Users\gsmen\.gradle\daemon\8.14\daemon-8592.out.log
----- Last 20 lines from daemon log file - daemon-8592.out.log -----
2026-04-05T22:08:42.065+0300 [DEBUG] 
[org.gradle.launcher.daemon.server.SynchronizedDispatchConnection] thread 241: 
received class org.gradle.launcher.daemon.protocol.Build
2026-04-05T22:08:42.065+0300 [DEBUG] 
[org.gradle.launcher.daemon.server.DefaultDaemonConnection] thread 241: 
Received non-IO message from client: 
Build{id=615afa84-16d2-4c33-9446-6d0d6cabe6b3, 
currentDir=D:\Footwear\app\android}
2026-04-05T22:08:42.065+0300 [INFO] 
[org.gradle.launcher.daemon.server.DefaultIncomingConnectionHandler] Received 
command: Build{id=615afa84-16d2-4c33-9446-6d0d6cabe6b3, 
currentDir=D:\Footwear\app\android}.
2026-04-05T22:08:42.065+0300 [DEBUG] 
[org.gradle.launcher.daemon.server.DefaultIncomingConnectionHandler] Starting 
executing command: Build{id=615afa84-16d2-4c33-9446-6d0d6cabe6b3, 
currentDir=D:\Footwear\app\android} with connection: socket connection from 
/127.0.0.1:58102 to /127.0.0.1:57140.
2026-04-05T22:08:42.066+0300 [DEBUG] 
[org.gradle.launcher.daemon.server.DaemonStateCoordinator] Command execution: 
started DaemonCommandExecution[command = 
Build{id=615afa84-16d2-4c33-9446-6d0d6cabe6b3, 
currentDir=D:\Footwear\app\android}, connection = DefaultDaemonConnection: 
socket connection from /127.0.0.1:58102 to /127.0.0.1:57140] after 0.2927 
minutes of idle
2026-04-05T22:08:42.066+0300 [INFO] 
[org.gradle.launcher.daemon.server.DaemonRegistryUpdater] Marking the daemon 
as busy, address: [b99c35c4-afcd-4f81-a323-b113914ad8dd port:58102, 
addresses:[localhost/127.0.0.1]]
2026-04-05T22:08:42.066+0300 [DEBUG] 
[org.gradle.launcher.daemon.registry.PersistentDaemonRegistry] Marking busy by 
address: [b99c35c4-afcd-4f81-a323-b113914ad8dd port:58102, 
addresses:[localhost/127.0.0.1]]
2026-04-05T22:08:42.066+0300 [DEBUG] 
[org.gradle.cache.internal.DefaultFileLockManager] Waiting to acquire 
exclusive lock on daemon addresses registry.
2026-04-05T22:08:42.067+0300 [DEBUG] 
[org.gradle.cache.internal.DefaultFileLockManager] Lock acquired on daemon 
addresses registry.
2026-04-05T22:08:42.067+0300 [DEBUG] 
[org.gradle.cache.internal.DefaultFileLockManager] Releasing lock on daemon 
addresses registry.
2026-04-05T22:08:42.068+0300 [DEBUG] 
[org.gradle.launcher.daemon.server.DaemonStateCoordinator] resetting idle timer
2026-04-05T22:08:42.068+0300 [DEBUG] 
[org.gradle.launcher.daemon.server.DaemonStateCoordinator] daemon is running. 
Sleeping until state changes.
2026-04-05T22:08:42.068+0300 [INFO] 
[org.gradle.launcher.daemon.server.exec.StartBuildOrRespondWithBusy] Daemon is 
about to start building Build{id=615afa84-16d2-4c33-9446-6d0d6cabe6b3, 
currentDir=D:\Footwear\app\android}. Dispatching build started information...
2026-04-05T22:08:42.068+0300 [DEBUG] 
[org.gradle.launcher.daemon.server.SynchronizedDispatchConnection] thread 35: 
dispatching org.gradle.launcher.daemon.protocol.BuildStarted@6a7aef8a
2026-04-05T22:08:42.069+0300 [DEBUG] 
[org.gradle.launcher.daemon.server.exec.EstablishBuildEnvironment] Configuring 
env variables: [PATH, USERDOMAIN_ROAMINGPROFILE, 
PYDEVD_DISABLE_FILE_VALIDATION, PROCESSOR_LEVEL, SYSTEMDRIVE, 
GIT_MERGE_AUTOEDIT, PYTHON_BASIC_REPL, POWERSHELL_EXECUTABLE, GIT_PAGER, 
ALLUSERSPROFILE, PROCESSOR_ARCHITECTURE, VSCODE_PYTHON_AUTOACTIVATE_GUARD, 
VSCODE_GIT_IPC_HANDLE, DRIVERDATA, PROGRAMFILES, VSCODE_INJECTION, 
PSMODULEPATH, COLORTERM, PROGRAMDATA, DIRNAME, CHOCOLATEYLASTPATHUPDATE, 
USERNAME, VSCODE_GIT_ASKPASS_NODE, TERM_PROGRAM_VERSION, CMD_LINE_ARGS, 
GIT_ASKPASS, CHROME_CRASHPAD_PIPE_NAME, EXIT_WITH_ERRORLEVEL, 
VSCODE_DEBUGPY_ADAPTER_ENDPOINTS, ONEDRIVE, APP_HOME, MINGIT_PATH, PATHEXT, 
SNAPSHOT_PATH, SHARED_BIN, WINDIR, HOMEPATH, PROCESSOR_IDENTIFIER, PUBLIC, 
CACHE_DIR, ZES_ENABLE_SYSMAN, _SKIP, LOCALAPPDATA, COMMONPROGRAMFILES(X86), 
USERDOMAIN, DART_SDK_PATH, LOGONSERVER, JAVA_HOME, FLUTTER_TOOLS_DIR, PROMPT, 
GIT_EDITOR, PROGRAMFILES(X86), FLUTTER_ROOT, ASL.LOG, LANG, 
VSCODE_GIT_ASKPASS_MAIN, APPDATA, PYTHONSTARTUP, PROGRAMW6432, SYSTEMROOT, 
JAVA_EXE, CHOCOLATEYINSTALL, VSCODE_GIT_ASKPASS_EXTRA_ARGS, 
BUNDLED_DEBUGPY_PATH, DART, OS, TERM_PROGRAM, COMMONPROGRAMW6432, 
COMPUTERNAME, COMMONPROGRAMFILES, COMSPEC, PROCESSOR_REVISION, CLASSPATH, 
APP_BASE_NAME, =D:, TEMP, FLUTTER_ALREADY_LOCKED, HOMEDRIVE, USERPROFILE, TMP, 
NUMBER_OF_PROCESSORS]
2026-04-05T22:08:42.070+0300 [DEBUG] 
[org.gradle.launcher.daemon.server.exec.LogToClient] About to start relaying 
all logs to the client via the connection.
2026-04-05T22:08:42.070+0300 [INFO] 
[org.gradle.launcher.daemon.server.exec.LogToClient] The client will now 
receive all logging from the daemon (pid: 8592). The daemon log file: 
C:\Users\gsmen\.gradle\daemon\8.14\daemon-8592.out.log
2026-04-05T22:08:42.071+0300 [INFO] 
[org.gradle.launcher.daemon.server.exec.LogAndCheckHealth] Starting 2nd build 
in daemon [uptime: 5 mins 23.603 secs, performance: 99%, GC rate: 0.00/s, heap 
usage: 0% of 8 GiB, non-heap usage: 9% of 4 GiB]
2026-04-05T22:08:42.071+0300 [DEBUG] 
[org.gradle.launcher.daemon.server.exec.ExecuteBuild] The daemon has started 
executing the build.
2026-04-05T22:08:42.071+0300 [DEBUG] 
[org.gradle.launcher.daemon.server.exec.ExecuteBuild] Executing build with 
daemon context: DefaultDaemonContext[uid=1d2e03e5-a66a-4c39-ae1e-cd1ad5d8fe16,j
avaHome=C:\Program Files\Android\Android 
Studio\jbr,javaVersion=21,javaVendor=JetBrains s.r.o.,daemonRegistryDir=C:\User
s\gsmen\.gradle\daemon,pid=8592,idleTimeout=10800000,priority=NORMAL,applyInstr
umentationAgent=true,nativeServicesMode=ENABLED,daemonOpts=-XX:MaxMetaspaceSize
=4G,-XX:ReservedCodeCacheSize=512m,-XX:+HeapDumpOnOutOfMemoryError,-Xmx8G,-Dfil
e.encoding=UTF-8,-Duser.country=US,-Duser.language=en,-Duser.variant]----- End 
of the daemon log -----

JVM crash log found: file:///D:/Footwear/app/android/hs_err_pid8592.log

FAILURE: Build failed with an exception.

* What went wrong:
Gradle build daemon disappeared unexpectedly (it may have been killed or may 
have crashed)

* Try:
> Run with --stacktrace option to get the stack trace.
> Run with --info or --debug option to get more log output.
> Run with --scan to get full insights.
> Get more help at https://help.gradle.org.
Running Gradle task 'assembleRelease'...                            4.4s
Gradle task assembleRelease failed with exit code 1
